{
  "errors": [],
  "generated_at": "2020-05-12T08:59:59Z",
  "metrics": {
    "_totals": {
      "CONFIDENCE.HIGH": 1.0,
      "CONFIDENCE.LOW": 0.0,
      "CONFIDENCE.MEDIUM": 0.0,
      "CONFIDENCE.UNDEFINED": 0.0,
      "SEVERITY.HIGH": 0.0,
      "SEVERITY.LOW": 1.0,
      "SEVERITY.MEDIUM": 0.0,
      "SEVERITY.UNDEFINED": 0.0,
      "loc": 1375,
      "nosec": 0
    },
    "aws_lambda_powertools/__init__.py": {
      "CONFIDENCE.HIGH": 0.0,
      "CONFIDENCE.LOW": 0.0,
      "CONFIDENCE.MEDIUM": 0.0,
      "CONFIDENCE.UNDEFINED": 0.0,
      "SEVERITY.HIGH": 0.0,
      "SEVERITY.LOW": 0.0,
      "SEVERITY.MEDIUM": 0.0,
      "SEVERITY.UNDEFINED": 0.0,
      "loc": 6,
      "nosec": 0
    },
    "aws_lambda_powertools/helper/__init__.py": {
      "CONFIDENCE.HIGH": 0.0,
      "CONFIDENCE.LOW": 0.0,
      "CONFIDENCE.MEDIUM": 0.0,
      "CONFIDENCE.UNDEFINED": 0.0,
      "SEVERITY.HIGH": 0.0,
      "SEVERITY.LOW": 0.0,
      "SEVERITY.MEDIUM": 0.0,
      "SEVERITY.UNDEFINED": 0.0,
      "loc": 2,
      "nosec": 0
    },
    "aws_lambda_powertools/helper/models.py": {
      "CONFIDENCE.HIGH": 0.0,
      "CONFIDENCE.LOW": 0.0,
      "CONFIDENCE.MEDIUM": 0.0,
      "CONFIDENCE.UNDEFINED": 0.0,
      "SEVERITY.HIGH": 0.0,
      "SEVERITY.LOW": 0.0,
      "SEVERITY.MEDIUM": 0.0,
      "SEVERITY.UNDEFINED": 0.0,
      "loc": 108,
      "nosec": 0
    },
    "aws_lambda_powertools/logging/__init__.py": {
      "CONFIDENCE.HIGH": 0.0,
      "CONFIDENCE.LOW": 0.0,
      "CONFIDENCE.MEDIUM": 0.0,
      "CONFIDENCE.UNDEFINED": 0.0,
      "SEVERITY.HIGH": 0.0,
      "SEVERITY.LOW": 0.0,
      "SEVERITY.MEDIUM": 0.0,
      "SEVERITY.UNDEFINED": 0.0,
      "loc": 5,
      "nosec": 0
    },
    "aws_lambda_powertools/logging/exceptions.py": {
      "CONFIDENCE.HIGH": 0.0,
      "CONFIDENCE.LOW": 0.0,
      "CONFIDENCE.MEDIUM": 0.0,
      "CONFIDENCE.UNDEFINED": 0.0,
      "SEVERITY.HIGH": 0.0,
      "SEVERITY.LOW": 0.0,
      "SEVERITY.MEDIUM": 0.0,
      "SEVERITY.UNDEFINED": 0.0,
      "loc": 2,
      "nosec": 0
    },
    "aws_lambda_powertools/logging/logger.py": {
      "CONFIDENCE.HIGH": 1.0,
      "CONFIDENCE.LOW": 0.0,
      "CONFIDENCE.MEDIUM": 0.0,
      "CONFIDENCE.UNDEFINED": 0.0,
      "SEVERITY.HIGH": 0.0,
      "SEVERITY.LOW": 1.0,
      "SEVERITY.MEDIUM": 0.0,
      "SEVERITY.UNDEFINED": 0.0,
      "loc": 375,
      "nosec": 0
    },
    "aws_lambda_powertools/metrics/__init__.py": {
      "CONFIDENCE.HIGH": 0.0,
      "CONFIDENCE.LOW": 0.0,
      "CONFIDENCE.MEDIUM": 0.0,
      "CONFIDENCE.UNDEFINED": 0.0,
      "SEVERITY.HIGH": 0.0,
      "SEVERITY.LOW": 0.0,
      "SEVERITY.MEDIUM": 0.0,
      "SEVERITY.UNDEFINED": 0.0,
      "loc": 15,
      "nosec": 0
    },
    "aws_lambda_powertools/metrics/base.py": {
      "CONFIDENCE.HIGH": 0.0,
      "CONFIDENCE.LOW": 0.0,
      "CONFIDENCE.MEDIUM": 0.0,
      "CONFIDENCE.UNDEFINED": 0.0,
      "SEVERITY.HIGH": 0.0,
      "SEVERITY.LOW": 0.0,
      "SEVERITY.MEDIUM": 0.0,
      "SEVERITY.UNDEFINED": 0.0,
      "loc": 162,
      "nosec": 0
    },
    "aws_lambda_powertools/metrics/exceptions.py": {
      "CONFIDENCE.HIGH": 0.0,
      "CONFIDENCE.LOW": 0.0,
      "CONFIDENCE.MEDIUM": 0.0,
      "CONFIDENCE.UNDEFINED": 0.0,
      "SEVERITY.HIGH": 0.0,
      "SEVERITY.LOW": 0.0,
      "SEVERITY.MEDIUM": 0.0,
      "SEVERITY.UNDEFINED": 0.0,
      "loc": 12,
      "nosec": 0
    },
    "aws_lambda_powertools/metrics/metric.py": {
      "CONFIDENCE.HIGH": 0.0,
      "CONFIDENCE.LOW": 0.0,
      "CONFIDENCE.MEDIUM": 0.0,
      "CONFIDENCE.UNDEFINED": 0.0,
      "SEVERITY.HIGH": 0.0,
      "SEVERITY.LOW": 0.0,
      "SEVERITY.MEDIUM": 0.0,
      "SEVERITY.UNDEFINED": 0.0,
      "loc": 90,
      "nosec": 0
    },
    "aws_lambda_powertools/metrics/metrics.py": {
      "CONFIDENCE.HIGH": 0.0,
      "CONFIDENCE.LOW": 0.0,
      "CONFIDENCE.MEDIUM": 0.0,
      "CONFIDENCE.UNDEFINED": 0.0,
      "SEVERITY.HIGH": 0.0,
      "SEVERITY.LOW": 0.0,
      "SEVERITY.MEDIUM": 0.0,
      "SEVERITY.UNDEFINED": 0.0,
      "loc": 82,
      "nosec": 0
    },
    "aws_lambda_powertools/middleware_factory/__init__.py": {
      "CONFIDENCE.HIGH": 0.0,
      "CONFIDENCE.LOW": 0.0,
      "CONFIDENCE.MEDIUM": 0.0,
      "CONFIDENCE.UNDEFINED": 0.0,
      "SEVERITY.HIGH": 0.0,
      "SEVERITY.LOW": 0.0,
      "SEVERITY.MEDIUM": 0.0,
      "SEVERITY.UNDEFINED": 0.0,
      "loc": 3,
      "nosec": 0
    },
    "aws_lambda_powertools/middleware_factory/exceptions.py": {
      "CONFIDENCE.HIGH": 0.0,
      "CONFIDENCE.LOW": 0.0,
      "CONFIDENCE.MEDIUM": 0.0,
      "CONFIDENCE.UNDEFINED": 0.0,
      "SEVERITY.HIGH": 0.0,
      "SEVERITY.LOW": 0.0,
      "SEVERITY.MEDIUM": 0.0,
      "SEVERITY.UNDEFINED": 0.0,
      "loc": 3,
      "nosec": 0
    },
    "aws_lambda_powertools/middleware_factory/factory.py": {
      "CONFIDENCE.HIGH": 0.0,
      "CONFIDENCE.LOW": 0.0,
      "CONFIDENCE.MEDIUM": 0.0,
      "CONFIDENCE.UNDEFINED": 0.0,
      "SEVERITY.HIGH": 0.0,
      "SEVERITY.LOW": 0.0,
      "SEVERITY.MEDIUM": 0.0,
      "SEVERITY.UNDEFINED": 0.0,
      "loc": 103,
      "nosec": 0
    },
    "aws_lambda_powertools/tracing/__init__.py": {
      "CONFIDENCE.HIGH": 0.0,
      "CONFIDENCE.LOW": 0.0,
      "CONFIDENCE.MEDIUM": 0.0,
      "CONFIDENCE.UNDEFINED": 0.0,
      "SEVERITY.HIGH": 0.0,
      "SEVERITY.LOW": 0.0,
      "SEVERITY.MEDIUM": 0.0,
      "SEVERITY.UNDEFINED": 0.0,
      "loc": 6,
      "nosec": 0
    },
    "aws_lambda_powertools/tracing/tracer.py": {
      "CONFIDENCE.HIGH": 0.0,
      "CONFIDENCE.LOW": 0.0,
      "CONFIDENCE.MEDIUM": 0.0,
      "CONFIDENCE.UNDEFINED": 0.0,
      "SEVERITY.HIGH": 0.0,
      "SEVERITY.LOW": 0.0,
      "SEVERITY.MEDIUM": 0.0,
      "SEVERITY.UNDEFINED": 0.0,
      "loc": 401,
      "nosec": 0
    }
  },
  "results": [
    {
      "code": "369         try:\n370             if self.sampling_rate and random.random() <= float(self.sampling_rate):\n371                 logger.debug(\"Setting log level to Debug due to sampling rate\")\n",
      "filename": "aws_lambda_powertools/logging/logger.py",
      "issue_confidence": "HIGH",
      "issue_severity": "LOW",
      "issue_text": "Standard pseudo-random generators are not suitable for security/cryptographic purposes.",
      "line_number": 370,
      "line_range": [
        370
      ],
      "more_info": "https://bandit.readthedocs.io/en/latest/blacklists/blacklist_calls.html#b311-random",
      "test_id": "B311",
      "test_name": "blacklist"
    }
  ]
}